---
source: src/mitaffald/mod.rs
expression: actual.unwrap()
---
[
    Container {
        name: "Plast",
        date: 2024-04-18T00:00:00Z,
    },
    Container {
        name: "Mad- og drikkekartoner",
        date: 2024-04-18T00:00:00Z,
    },
    Container {
        name: "Glas",
        date: 2024-04-18T00:00:00Z,
    },
    Container {
        name: "Metal",
        date: 2024-04-18T00:00:00Z,
    },
    Container {
        name: "Restaffald",
        date: 2024-04-26T00:00:00Z,
    },
    Container {
        name: "Madaffald",
        date: 2024-04-26T00:00:00Z,
    },
    Container {
        name: "Papir",
        date: 2024-05-09T00:00:00Z,
    },
    Container {
        name: "Pap",
        date: 2024-05-09T00:00:00Z,
    },
    Container {
        name: "Tekstiler",
        date: 2024-05-09T00:00:00Z,
    },
    Container {
        name: "Plast",
        date: 2024-05-09T00:00:00Z,
    },
    Container {
        name: "Mad- og drikkekartoner",
        date: 2024-05-09T00:00:00Z,
    },
    Container {
        name: "Glas",
        date: 2024-05-09T00:00:00Z,
    },
    Container {
        name: "Metal",
        date: 2024-05-09T00:00:00Z,
    },
    Container {
        name: "Restaffald",
        date: 2024-05-10T00:00:00Z,
    },
    Container {
        name: "Madaffald",
        date: 2024-05-10T00:00:00Z,
    },
    Container {
        name: "Restaffald",
        date: 2024-05-24T00:00:00Z,
    },
    Container {
        name: "Madaffald",
        date: 2024-05-24T00:00:00Z,
    },
    Container {
        name: "Plast",
        date: 2024-05-30T00:00:00Z,
    },
    Container {
        name: "Mad- og drikkekartoner",
        date: 2024-05-30T00:00:00Z,
    },
    Container {
        name: "Glas",
        date: 2024-05-30T00:00:00Z,
    },
    Container {
        name: "Metal",
        date: 2024-05-30T00:00:00Z,
    },
    Container {
        name: "Papir",
        date: 2024-06-06T00:00:00Z,
    },
    Container {
        name: "Pap",
        date: 2024-06-06T00:00:00Z,
    },
    Container {
        name: "Tekstiler",
        date: 2024-06-06T00:00:00Z,
    },
    Container {
        name: "Restaffald",
        date: 2024-06-07T00:00:00Z,
    },
    Container {
        name: "Madaffald",
        date: 2024-06-07T00:00:00Z,
    },
    Container {
        name: "Plast",
        date: 2024-06-20T00:00:00Z,
    },
    Container {
        name: "Mad- og drikkekartoner",
        date: 2024-06-20T00:00:00Z,
    },
    Container {
        name: "Glas",
        date: 2024-06-20T00:00:00Z,
    },
    Container {
        name: "Metal",
        date: 2024-06-20T00:00:00Z,
    },
    Container {
        name: "Restaffald",
        date: 2024-06-21T00:00:00Z,
    },
    Container {
        name: "Madaffald",
        date: 2024-06-21T00:00:00Z,
    },
    Container {
        name: "Papir",
        date: 2024-07-04T00:00:00Z,
    },
    Container {
        name: "Pap",
        date: 2024-07-04T00:00:00Z,
    },
    Container {
        name: "Tekstiler",
        date: 2024-07-04T00:00:00Z,
    },
    Container {
        name: "Restaffald",
        date: 2024-07-05T00:00:00Z,
    },
    Container {
        name: "Madaffald",
        date: 2024-07-05T00:00:00Z,
    },
    Container {
        name: "Plast",
        date: 2024-07-11T00:00:00Z,
    },
    Container {
        name: "Mad- og drikkekartoner",
        date: 2024-07-11T00:00:00Z,
    },
    Container {
        name: "Glas",
        date: 2024-07-11T00:00:00Z,
    },
    Container {
        name: "Metal",
        date: 2024-07-11T00:00:00Z,
    },
    Container {
        name: "Restaffald",
        date: 2024-07-19T00:00:00Z,
    },
    Container {
        name: "Madaffald",
        date: 2024-07-19T00:00:00Z,
    },
    Container {
        name: "Papir",
        date: 2024-08-01T00:00:00Z,
    },
    Container {
        name: "Pap",
        date: 2024-08-01T00:00:00Z,
    },
    Container {
        name: "Tekstiler",
        date: 2024-08-01T00:00:00Z,
    },
    Container {
        name: "Plast",
        date: 2024-08-01T00:00:00Z,
    },
    Container {
        name: "Mad- og drikkekartoner",
        date: 2024-08-01T00:00:00Z,
    },
    Container {
        name: "Glas",
        date: 2024-08-01T00:00:00Z,
    },
    Container {
        name: "Metal",
        date: 2024-08-01T00:00:00Z,
    },
    Container {
        name: "Restaffald",
        date: 2024-08-02T00:00:00Z,
    },
    Container {
        name: "Madaffald",
        date: 2024-08-02T00:00:00Z,
    },
    Container {
        name: "Restaffald",
        date: 2024-08-16T00:00:00Z,
    },
    Container {
        name: "Madaffald",
        date: 2024-08-16T00:00:00Z,
    },
    Container {
        name: "Plast",
        date: 2024-08-22T00:00:00Z,
    },
    Container {
        name: "Mad- og drikkekartoner",
        date: 2024-08-22T00:00:00Z,
    },
    Container {
        name: "Glas",
        date: 2024-08-22T00:00:00Z,
    },
    Container {
        name: "Metal",
        date: 2024-08-22T00:00:00Z,
    },
    Container {
        name: "Papir",
        date: 2024-08-29T00:00:00Z,
    },
    Container {
        name: "Pap",
        date: 2024-08-29T00:00:00Z,
    },
    Container {
        name: "Tekstiler",
        date: 2024-08-29T00:00:00Z,
    },
    Container {
        name: "Restaffald",
        date: 2024-08-30T00:00:00Z,
    },
    Container {
        name: "Madaffald",
        date: 2024-08-30T00:00:00Z,
    },
    Container {
        name: "Plast",
        date: 2024-09-12T00:00:00Z,
    },
    Container {
        name: "Mad- og drikkekartoner",
        date: 2024-09-12T00:00:00Z,
    },
    Container {
        name: "Glas",
        date: 2024-09-12T00:00:00Z,
    },
    Container {
        name: "Metal",
        date: 2024-09-12T00:00:00Z,
    },
    Container {
        name: "Restaffald",
        date: 2024-09-13T00:00:00Z,
    },
    Container {
        name: "Madaffald",
        date: 2024-09-13T00:00:00Z,
    },
    Container {
        name: "Papir",
        date: 2024-09-26T00:00:00Z,
    },
    Container {
        name: "Pap",
        date: 2024-09-26T00:00:00Z,
    },
    Container {
        name: "Tekstiler",
        date: 2024-09-26T00:00:00Z,
    },
    Container {
        name: "Restaffald",
        date: 2024-09-27T00:00:00Z,
    },
    Container {
        name: "Madaffald",
        date: 2024-09-27T00:00:00Z,
    },
    Container {
        name: "Plast",
        date: 2024-10-03T00:00:00Z,
    },
    Container {
        name: "Mad- og drikkekartoner",
        date: 2024-10-03T00:00:00Z,
    },
    Container {
        name: "Glas",
        date: 2024-10-03T00:00:00Z,
    },
    Container {
        name: "Metal",
        date: 2024-10-03T00:00:00Z,
    },
    Container {
        name: "Restaffald",
        date: 2024-10-11T00:00:00Z,
    },
    Container {
        name: "Madaffald",
        date: 2024-10-11T00:00:00Z,
    },
    Container {
        name: "Papir",
        date: 2024-10-24T00:00:00Z,
    },
    Container {
        name: "Pap",
        date: 2024-10-24T00:00:00Z,
    },
    Container {
        name: "Tekstiler",
        date: 2024-10-24T00:00:00Z,
    },
    Container {
        name: "Plast",
        date: 2024-10-24T00:00:00Z,
    },
    Container {
        name: "Mad- og drikkekartoner",
        date: 2024-10-24T00:00:00Z,
    },
    Container {
        name: "Glas",
        date: 2024-10-24T00:00:00Z,
    },
    Container {
        name: "Metal",
        date: 2024-10-24T00:00:00Z,
    },
    Container {
        name: "Restaffald",
        date: 2024-10-25T00:00:00Z,
    },
    Container {
        name: "Madaffald",
        date: 2024-10-25T00:00:00Z,
    },
    Container {
        name: "Restaffald",
        date: 2024-11-08T00:00:00Z,
    },
    Container {
        name: "Madaffald",
        date: 2024-11-08T00:00:00Z,
    },
    Container {
        name: "Plast",
        date: 2024-11-14T00:00:00Z,
    },
    Container {
        name: "Mad- og drikkekartoner",
        date: 2024-11-14T00:00:00Z,
    },
    Container {
        name: "Glas",
        date: 2024-11-14T00:00:00Z,
    },
    Container {
        name: "Metal",
        date: 2024-11-14T00:00:00Z,
    },
    Container {
        name: "Papir",
        date: 2024-11-21T00:00:00Z,
    },
    Container {
        name: "Pap",
        date: 2024-11-21T00:00:00Z,
    },
    Container {
        name: "Tekstiler",
        date: 2024-11-21T00:00:00Z,
    },
    Container {
        name: "Restaffald",
        date: 2024-11-22T00:00:00Z,
    },
    Container {
        name: "Madaffald",
        date: 2024-11-22T00:00:00Z,
    },
    Container {
        name: "Plast",
        date: 2024-12-05T00:00:00Z,
    },
    Container {
        name: "Mad- og drikkekartoner",
        date: 2024-12-05T00:00:00Z,
    },
    Container {
        name: "Glas",
        date: 2024-12-05T00:00:00Z,
    },
    Container {
        name: "Metal",
        date: 2024-12-05T00:00:00Z,
    },
    Container {
        name: "Restaffald",
        date: 2024-12-06T00:00:00Z,
    },
    Container {
        name: "Madaffald",
        date: 2024-12-06T00:00:00Z,
    },
    Container {
        name: "Papir",
        date: 2024-12-19T00:00:00Z,
    },
    Container {
        name: "Pap",
        date: 2024-12-19T00:00:00Z,
    },
    Container {
        name: "Tekstiler",
        date: 2024-12-19T00:00:00Z,
    },
    Container {
        name: "Restaffald",
        date: 2024-12-20T00:00:00Z,
    },
    Container {
        name: "Madaffald",
        date: 2024-12-20T00:00:00Z,
    },
    Container {
        name: "Plast",
        date: 2024-12-26T00:00:00Z,
    },
    Container {
        name: "Mad- og drikkekartoner",
        date: 2024-12-26T00:00:00Z,
    },
    Container {
        name: "Glas",
        date: 2024-12-26T00:00:00Z,
    },
    Container {
        name: "Metal",
        date: 2024-12-26T00:00:00Z,
    },
    Container {
        name: "Restaffald",
        date: 2025-01-03T00:00:00Z,
    },
    Container {
        name: "Madaffald",
        date: 2025-01-03T00:00:00Z,
    },
    Container {
        name: "Papir",
        date: 2025-01-16T00:00:00Z,
    },
    Container {
        name: "Pap",
        date: 2025-01-16T00:00:00Z,
    },
    Container {
        name: "Tekstiler",
        date: 2025-01-16T00:00:00Z,
    },
    Container {
        name: "Plast",
        date: 2025-01-16T00:00:00Z,
    },
    Container {
        name: "Mad- og drikkekartoner",
        date: 2025-01-16T00:00:00Z,
    },
    Container {
        name: "Glas",
        date: 2025-01-16T00:00:00Z,
    },
    Container {
        name: "Metal",
        date: 2025-01-16T00:00:00Z,
    },
    Container {
        name: "Restaffald",
        date: 2025-01-17T00:00:00Z,
    },
    Container {
        name: "Madaffald",
        date: 2025-01-17T00:00:00Z,
    },
    Container {
        name: "Restaffald",
        date: 2025-01-31T00:00:00Z,
    },
    Container {
        name: "Madaffald",
        date: 2025-01-31T00:00:00Z,
    },
    Container {
        name: "Plast",
        date: 2025-02-06T00:00:00Z,
    },
    Container {
        name: "Mad- og drikkekartoner",
        date: 2025-02-06T00:00:00Z,
    },
    Container {
        name: "Glas",
        date: 2025-02-06T00:00:00Z,
    },
    Container {
        name: "Metal",
        date: 2025-02-06T00:00:00Z,
    },
    Container {
        name: "Papir",
        date: 2025-02-13T00:00:00Z,
    },
    Container {
        name: "Pap",
        date: 2025-02-13T00:00:00Z,
    },
    Container {
        name: "Tekstiler",
        date: 2025-02-13T00:00:00Z,
    },
    Container {
        name: "Restaffald",
        date: 2025-02-14T00:00:00Z,
    },
    Container {
        name: "Madaffald",
        date: 2025-02-14T00:00:00Z,
    },
    Container {
        name: "Plast",
        date: 2025-02-27T00:00:00Z,
    },
    Container {
        name: "Mad- og drikkekartoner",
        date: 2025-02-27T00:00:00Z,
    },
    Container {
        name: "Glas",
        date: 2025-02-27T00:00:00Z,
    },
    Container {
        name: "Metal",
        date: 2025-02-27T00:00:00Z,
    },
    Container {
        name: "Restaffald",
        date: 2025-02-28T00:00:00Z,
    },
    Container {
        name: "Madaffald",
        date: 2025-02-28T00:00:00Z,
    },
    Container {
        name: "Papir",
        date: 2025-03-13T00:00:00Z,
    },
    Container {
        name: "Pap",
        date: 2025-03-13T00:00:00Z,
    },
    Container {
        name: "Tekstiler",
        date: 2025-03-13T00:00:00Z,
    },
    Container {
        name: "Restaffald",
        date: 2025-03-14T00:00:00Z,
    },
    Container {
        name: "Madaffald",
        date: 2025-03-14T00:00:00Z,
    },
    Container {
        name: "Plast",
        date: 2025-03-20T00:00:00Z,
    },
    Container {
        name: "Mad- og drikkekartoner",
        date: 2025-03-20T00:00:00Z,
    },
    Container {
        name: "Glas",
        date: 2025-03-20T00:00:00Z,
    },
    Container {
        name: "Metal",
        date: 2025-03-20T00:00:00Z,
    },
    Container {
        name: "Restaffald",
        date: 2025-03-28T00:00:00Z,
    },
    Container {
        name: "Madaffald",
        date: 2025-03-28T00:00:00Z,
    },
    Container {
        name: "Papir",
        date: 2025-04-10T00:00:00Z,
    },
    Container {
        name: "Pap",
        date: 2025-04-10T00:00:00Z,
    },
    Container {
        name: "Tekstiler",
        date: 2025-04-10T00:00:00Z,
    },
    Container {
        name: "Plast",
        date: 2025-04-10T00:00:00Z,
    },
    Container {
        name: "Mad- og drikkekartoner",
        date: 2025-04-10T00:00:00Z,
    },
    Container {
        name: "Glas",
        date: 2025-04-10T00:00:00Z,
    },
    Container {
        name: "Metal",
        date: 2025-04-10T00:00:00Z,
    },
    Container {
        name: "Restaffald",
        date: 2025-04-11T00:00:00Z,
    },
    Container {
        name: "Madaffald",
        date: 2025-04-11T00:00:00Z,
    },
    Container {
        name: "Restaffald",
        date: 2025-04-25T00:00:00Z,
    },
    Container {
        name: "Madaffald",
        date: 2025-04-25T00:00:00Z,
    },
    Container {
        name: "Plast",
        date: 2025-05-01T00:00:00Z,
    },
    Container {
        name: "Mad- og drikkekartoner",
        date: 2025-05-01T00:00:00Z,
    },
    Container {
        name: "Glas",
        date: 2025-05-01T00:00:00Z,
    },
    Container {
        name: "Metal",
        date: 2025-05-01T00:00:00Z,
    },
    Container {
        name: "Papir",
        date: 2025-05-08T00:00:00Z,
    },
    Container {
        name: "Pap",
        date: 2025-05-08T00:00:00Z,
    },
    Container {
        name: "Tekstiler",
        date: 2025-05-08T00:00:00Z,
    },
    Container {
        name: "Restaffald",
        date: 2025-05-09T00:00:00Z,
    },
    Container {
        name: "Madaffald",
        date: 2025-05-09T00:00:00Z,
    },
    Container {
        name: "Plast",
        date: 2025-05-22T00:00:00Z,
    },
    Container {
        name: "Mad- og drikkekartoner",
        date: 2025-05-22T00:00:00Z,
    },
    Container {
        name: "Glas",
        date: 2025-05-22T00:00:00Z,
    },
    Container {
        name: "Metal",
        date: 2025-05-22T00:00:00Z,
    },
    Container {
        name: "Restaffald",
        date: 2025-05-23T00:00:00Z,
    },
    Container {
        name: "Madaffald",
        date: 2025-05-23T00:00:00Z,
    },
    Container {
        name: "Papir",
        date: 2025-06-05T00:00:00Z,
    },
    Container {
        name: "Pap",
        date: 2025-06-05T00:00:00Z,
    },
    Container {
        name: "Tekstiler",
        date: 2025-06-05T00:00:00Z,
    },
    Container {
        name: "Restaffald",
        date: 2025-06-06T00:00:00Z,
    },
    Container {
        name: "Madaffald",
        date: 2025-06-06T00:00:00Z,
    },
    Container {
        name: "Plast",
        date: 2025-06-12T00:00:00Z,
    },
    Container {
        name: "Mad- og drikkekartoner",
        date: 2025-06-12T00:00:00Z,
    },
    Container {
        name: "Glas",
        date: 2025-06-12T00:00:00Z,
    },
    Container {
        name: "Metal",
        date: 2025-06-12T00:00:00Z,
    },
    Container {
        name: "Restaffald",
        date: 2025-06-20T00:00:00Z,
    },
    Container {
        name: "Madaffald",
        date: 2025-06-20T00:00:00Z,
    },
    Container {
        name: "Papir",
        date: 2025-07-03T00:00:00Z,
    },
    Container {
        name: "Pap",
        date: 2025-07-03T00:00:00Z,
    },
    Container {
        name: "Tekstiler",
        date: 2025-07-03T00:00:00Z,
    },
    Container {
        name: "Plast",
        date: 2025-07-03T00:00:00Z,
    },
    Container {
        name: "Mad- og drikkekartoner",
        date: 2025-07-03T00:00:00Z,
    },
    Container {
        name: "Glas",
        date: 2025-07-03T00:00:00Z,
    },
    Container {
        name: "Metal",
        date: 2025-07-03T00:00:00Z,
    },
    Container {
        name: "Restaffald",
        date: 2025-07-04T00:00:00Z,
    },
    Container {
        name: "Madaffald",
        date: 2025-07-04T00:00:00Z,
    },
    Container {
        name: "Restaffald",
        date: 2025-07-18T00:00:00Z,
    },
    Container {
        name: "Madaffald",
        date: 2025-07-18T00:00:00Z,
    },
    Container {
        name: "Plast",
        date: 2025-07-24T00:00:00Z,
    },
    Container {
        name: "Mad- og drikkekartoner",
        date: 2025-07-24T00:00:00Z,
    },
    Container {
        name: "Glas",
        date: 2025-07-24T00:00:00Z,
    },
    Container {
        name: "Metal",
        date: 2025-07-24T00:00:00Z,
    },
    Container {
        name: "Papir",
        date: 2025-07-31T00:00:00Z,
    },
    Container {
        name: "Pap",
        date: 2025-07-31T00:00:00Z,
    },
    Container {
        name: "Tekstiler",
        date: 2025-07-31T00:00:00Z,
    },
    Container {
        name: "Restaffald",
        date: 2025-08-01T00:00:00Z,
    },
    Container {
        name: "Madaffald",
        date: 2025-08-01T00:00:00Z,
    },
    Container {
        name: "Plast",
        date: 2025-08-14T00:00:00Z,
    },
    Container {
        name: "Mad- og drikkekartoner",
        date: 2025-08-14T00:00:00Z,
    },
    Container {
        name: "Glas",
        date: 2025-08-14T00:00:00Z,
    },
    Container {
        name: "Metal",
        date: 2025-08-14T00:00:00Z,
    },
    Container {
        name: "Restaffald",
        date: 2025-08-15T00:00:00Z,
    },
    Container {
        name: "Madaffald",
        date: 2025-08-15T00:00:00Z,
    },
    Container {
        name: "Papir",
        date: 2025-08-28T00:00:00Z,
    },
    Container {
        name: "Pap",
        date: 2025-08-28T00:00:00Z,
    },
    Container {
        name: "Tekstiler",
        date: 2025-08-28T00:00:00Z,
    },
    Container {
        name: "Restaffald",
        date: 2025-08-29T00:00:00Z,
    },
    Container {
        name: "Madaffald",
        date: 2025-08-29T00:00:00Z,
    },
    Container {
        name: "Plast",
        date: 2025-09-04T00:00:00Z,
    },
    Container {
        name: "Mad- og drikkekartoner",
        date: 2025-09-04T00:00:00Z,
    },
    Container {
        name: "Glas",
        date: 2025-09-04T00:00:00Z,
    },
    Container {
        name: "Metal",
        date: 2025-09-04T00:00:00Z,
    },
    Container {
        name: "Restaffald",
        date: 2025-09-12T00:00:00Z,
    },
    Container {
        name: "Madaffald",
        date: 2025-09-12T00:00:00Z,
    },
    Container {
        name: "Papir",
        date: 2025-09-25T00:00:00Z,
    },
    Container {
        name: "Pap",
        date: 2025-09-25T00:00:00Z,
    },
    Container {
        name: "Tekstiler",
        date: 2025-09-25T00:00:00Z,
    },
    Container {
        name: "Plast",
        date: 2025-09-25T00:00:00Z,
    },
    Container {
        name: "Mad- og drikkekartoner",
        date: 2025-09-25T00:00:00Z,
    },
    Container {
        name: "Glas",
        date: 2025-09-25T00:00:00Z,
    },
    Container {
        name: "Metal",
        date: 2025-09-25T00:00:00Z,
    },
    Container {
        name: "Restaffald",
        date: 2025-09-26T00:00:00Z,
    },
    Container {
        name: "Madaffald",
        date: 2025-09-26T00:00:00Z,
    },
    Container {
        name: "Restaffald",
        date: 2025-10-10T00:00:00Z,
    },
    Container {
        name: "Madaffald",
        date: 2025-10-10T00:00:00Z,
    },
    Container {
        name: "Plast",
        date: 2025-10-16T00:00:00Z,
    },
    Container {
        name: "Mad- og drikkekartoner",
        date: 2025-10-16T00:00:00Z,
    },
    Container {
        name: "Glas",
        date: 2025-10-16T00:00:00Z,
    },
    Container {
        name: "Metal",
        date: 2025-10-16T00:00:00Z,
    },
    Container {
        name: "Papir",
        date: 2025-10-23T00:00:00Z,
    },
    Container {
        name: "Pap",
        date: 2025-10-23T00:00:00Z,
    },
    Container {
        name: "Tekstiler",
        date: 2025-10-23T00:00:00Z,
    },
    Container {
        name: "Restaffald",
        date: 2025-10-24T00:00:00Z,
    },
    Container {
        name: "Madaffald",
        date: 2025-10-24T00:00:00Z,
    },
    Container {
        name: "Plast",
        date: 2025-11-06T00:00:00Z,
    },
    Container {
        name: "Mad- og drikkekartoner",
        date: 2025-11-06T00:00:00Z,
    },
    Container {
        name: "Glas",
        date: 2025-11-06T00:00:00Z,
    },
    Container {
        name: "Metal",
        date: 2025-11-06T00:00:00Z,
    },
    Container {
        name: "Restaffald",
        date: 2025-11-07T00:00:00Z,
    },
    Container {
        name: "Madaffald",
        date: 2025-11-07T00:00:00Z,
    },
    Container {
        name: "Papir",
        date: 2025-11-20T00:00:00Z,
    },
    Container {
        name: "Pap",
        date: 2025-11-20T00:00:00Z,
    },
    Container {
        name: "Tekstiler",
        date: 2025-11-20T00:00:00Z,
    },
    Container {
        name: "Restaffald",
        date: 2025-11-21T00:00:00Z,
    },
    Container {
        name: "Madaffald",
        date: 2025-11-21T00:00:00Z,
    },
    Container {
        name: "Plast",
        date: 2025-11-27T00:00:00Z,
    },
    Container {
        name: "Mad- og drikkekartoner",
        date: 2025-11-27T00:00:00Z,
    },
    Container {
        name: "Glas",
        date: 2025-11-27T00:00:00Z,
    },
    Container {
        name: "Metal",
        date: 2025-11-27T00:00:00Z,
    },
    Container {
        name: "Restaffald",
        date: 2025-12-05T00:00:00Z,
    },
    Container {
        name: "Madaffald",
        date: 2025-12-05T00:00:00Z,
    },
    Container {
        name: "Papir",
        date: 2025-12-18T00:00:00Z,
    },
    Container {
        name: "Pap",
        date: 2025-12-18T00:00:00Z,
    },
    Container {
        name: "Tekstiler",
        date: 2025-12-18T00:00:00Z,
    },
    Container {
        name: "Plast",
        date: 2025-12-18T00:00:00Z,
    },
    Container {
        name: "Mad- og drikkekartoner",
        date: 2025-12-18T00:00:00Z,
    },
    Container {
        name: "Glas",
        date: 2025-12-18T00:00:00Z,
    },
    Container {
        name: "Metal",
        date: 2025-12-18T00:00:00Z,
    },
    Container {
        name: "Restaffald",
        date: 2025-12-19T00:00:00Z,
    },
    Container {
        name: "Madaffald",
        date: 2025-12-19T00:00:00Z,
    },
]
