---
source: tests/full_flow_insta.rs
expression: actual
---
- topic: garbage_bin/Glas/status
  payload: "\n            {            \n            \"name\": \"Glas\",\n            \"next_empty\": \"2024-04-18\",\n            \"last_update\": \"[REDACTED]\"\n            }"
- topic: garbage_bin/Mad__og_drikkekartoner/status
  payload: "\n            {            \n            \"name\": \"Mad- og drikkekartoner\",\n            \"next_empty\": \"2024-04-18\",\n            \"last_update\": \"[REDACTED]\"\n            }"
- topic: garbage_bin/Madaffald/status
  payload: "\n            {            \n            \"name\": \"Madaffald\",\n            \"next_empty\": \"2024-04-26\",\n            \"last_update\": \"[REDACTED]\"\n            }"
- topic: garbage_bin/Metal/status
  payload: "\n            {            \n            \"name\": \"Metal\",\n            \"next_empty\": \"2024-04-18\",\n            \"last_update\": \"[REDACTED]\"\n            }"
- topic: garbage_bin/Pap/status
  payload: "\n            {            \n            \"name\": \"Pap\",\n            \"next_empty\": \"2024-05-09\",\n            \"last_update\": \"[REDACTED]\"\n            }"
- topic: garbage_bin/Papir/status
  payload: "\n            {            \n            \"name\": \"Papir\",\n            \"next_empty\": \"2024-05-09\",\n            \"last_update\": \"[REDACTED]\"\n            }"
- topic: garbage_bin/Plast/status
  payload: "\n            {            \n            \"name\": \"Plast\",\n            \"next_empty\": \"2024-04-18\",\n            \"last_update\": \"[REDACTED]\"\n            }"
- topic: garbage_bin/Restaffald/status
  payload: "\n            {            \n            \"name\": \"Restaffald\",\n            \"next_empty\": \"2024-04-26\",\n            \"last_update\": \"[REDACTED]\"\n            }"
- topic: garbage_bin/Tekstiler/status
  payload: "\n            {            \n            \"name\": \"Tekstiler\",\n            \"next_empty\": \"2024-05-09\",\n            \"last_update\": \"[REDACTED]\"\n            }"
- topic: garbage_bin/availability
  payload: online
- topic: homeassistant/sensor/ha_affaldvarme_Glas/config
  payload: "{\n              \"object_id\": \"ha_affaldvarme_Glas\",\n              \"unique_id\": \"ha_affaldvarme_Glas\",\n              \"name\": \"Glas\",\n              \"state_topic\": \"garbage_bin/Glas/status\",\n              \"json_attributes_topic\": \"garbage_bin/Glas/status\",\n              \"value_template\": \"{{ (strptime(value_json.next_empty, '%Y-%m-%d').date() - now().date()).days }}\",\n              \"availability_topic\": \"garbage_bin/availability\",\n              \"payload_available\": \"online\",\n              \"payload_not_available\": \"offline\",\n              \"unit_of_measurement\": \"days\",\n              \"device\": {\n                \"identifiers\": [\n                  \"ha_affaldvarme\"\n                ],\n                \"name\": \"Affaldvarme integration\",\n                \"sw_version\": \"1.0\",\n                \"model\": \"Standard\",\n                \"manufacturer\": \"Your Garbage Bin Manufacturer\"\n              },\n              \"icon\": \"mdi:recycle\"\n            }"
- topic: homeassistant/sensor/ha_affaldvarme_Mad__og_drikkekartoner/config
  payload: "{\n              \"object_id\": \"ha_affaldvarme_Mad__og_drikkekartoner\",\n              \"unique_id\": \"ha_affaldvarme_Mad__og_drikkekartoner\",\n              \"name\": \"Mad- og drikkekartoner\",\n              \"state_topic\": \"garbage_bin/Mad__og_drikkekartoner/status\",\n              \"json_attributes_topic\": \"garbage_bin/Mad__og_drikkekartoner/status\",\n              \"value_template\": \"{{ (strptime(value_json.next_empty, '%Y-%m-%d').date() - now().date()).days }}\",\n              \"availability_topic\": \"garbage_bin/availability\",\n              \"payload_available\": \"online\",\n              \"payload_not_available\": \"offline\",\n              \"unit_of_measurement\": \"days\",\n              \"device\": {\n                \"identifiers\": [\n                  \"ha_affaldvarme\"\n                ],\n                \"name\": \"Affaldvarme integration\",\n                \"sw_version\": \"1.0\",\n                \"model\": \"Standard\",\n                \"manufacturer\": \"Your Garbage Bin Manufacturer\"\n              },\n              \"icon\": \"mdi:recycle\"\n            }"
- topic: homeassistant/sensor/ha_affaldvarme_Madaffald/config
  payload: "{\n              \"object_id\": \"ha_affaldvarme_Madaffald\",\n              \"unique_id\": \"ha_affaldvarme_Madaffald\",\n              \"name\": \"Madaffald\",\n              \"state_topic\": \"garbage_bin/Madaffald/status\",\n              \"json_attributes_topic\": \"garbage_bin/Madaffald/status\",\n              \"value_template\": \"{{ (strptime(value_json.next_empty, '%Y-%m-%d').date() - now().date()).days }}\",\n              \"availability_topic\": \"garbage_bin/availability\",\n              \"payload_available\": \"online\",\n              \"payload_not_available\": \"offline\",\n              \"unit_of_measurement\": \"days\",\n              \"device\": {\n                \"identifiers\": [\n                  \"ha_affaldvarme\"\n                ],\n                \"name\": \"Affaldvarme integration\",\n                \"sw_version\": \"1.0\",\n                \"model\": \"Standard\",\n                \"manufacturer\": \"Your Garbage Bin Manufacturer\"\n              },\n              \"icon\": \"mdi:recycle\"\n            }"
- topic: homeassistant/sensor/ha_affaldvarme_Metal/config
  payload: "{\n              \"object_id\": \"ha_affaldvarme_Metal\",\n              \"unique_id\": \"ha_affaldvarme_Metal\",\n              \"name\": \"Metal\",\n              \"state_topic\": \"garbage_bin/Metal/status\",\n              \"json_attributes_topic\": \"garbage_bin/Metal/status\",\n              \"value_template\": \"{{ (strptime(value_json.next_empty, '%Y-%m-%d').date() - now().date()).days }}\",\n              \"availability_topic\": \"garbage_bin/availability\",\n              \"payload_available\": \"online\",\n              \"payload_not_available\": \"offline\",\n              \"unit_of_measurement\": \"days\",\n              \"device\": {\n                \"identifiers\": [\n                  \"ha_affaldvarme\"\n                ],\n                \"name\": \"Affaldvarme integration\",\n                \"sw_version\": \"1.0\",\n                \"model\": \"Standard\",\n                \"manufacturer\": \"Your Garbage Bin Manufacturer\"\n              },\n              \"icon\": \"mdi:recycle\"\n            }"
- topic: homeassistant/sensor/ha_affaldvarme_Pap/config
  payload: "{\n              \"object_id\": \"ha_affaldvarme_Pap\",\n              \"unique_id\": \"ha_affaldvarme_Pap\",\n              \"name\": \"Pap\",\n              \"state_topic\": \"garbage_bin/Pap/status\",\n              \"json_attributes_topic\": \"garbage_bin/Pap/status\",\n              \"value_template\": \"{{ (strptime(value_json.next_empty, '%Y-%m-%d').date() - now().date()).days }}\",\n              \"availability_topic\": \"garbage_bin/availability\",\n              \"payload_available\": \"online\",\n              \"payload_not_available\": \"offline\",\n              \"unit_of_measurement\": \"days\",\n              \"device\": {\n                \"identifiers\": [\n                  \"ha_affaldvarme\"\n                ],\n                \"name\": \"Affaldvarme integration\",\n                \"sw_version\": \"1.0\",\n                \"model\": \"Standard\",\n                \"manufacturer\": \"Your Garbage Bin Manufacturer\"\n              },\n              \"icon\": \"mdi:recycle\"\n            }"
- topic: homeassistant/sensor/ha_affaldvarme_Papir/config
  payload: "{\n              \"object_id\": \"ha_affaldvarme_Papir\",\n              \"unique_id\": \"ha_affaldvarme_Papir\",\n              \"name\": \"Papir\",\n              \"state_topic\": \"garbage_bin/Papir/status\",\n              \"json_attributes_topic\": \"garbage_bin/Papir/status\",\n              \"value_template\": \"{{ (strptime(value_json.next_empty, '%Y-%m-%d').date() - now().date()).days }}\",\n              \"availability_topic\": \"garbage_bin/availability\",\n              \"payload_available\": \"online\",\n              \"payload_not_available\": \"offline\",\n              \"unit_of_measurement\": \"days\",\n              \"device\": {\n                \"identifiers\": [\n                  \"ha_affaldvarme\"\n                ],\n                \"name\": \"Affaldvarme integration\",\n                \"sw_version\": \"1.0\",\n                \"model\": \"Standard\",\n                \"manufacturer\": \"Your Garbage Bin Manufacturer\"\n              },\n              \"icon\": \"mdi:recycle\"\n            }"
- topic: homeassistant/sensor/ha_affaldvarme_Plast/config
  payload: "{\n              \"object_id\": \"ha_affaldvarme_Plast\",\n              \"unique_id\": \"ha_affaldvarme_Plast\",\n              \"name\": \"Plast\",\n              \"state_topic\": \"garbage_bin/Plast/status\",\n              \"json_attributes_topic\": \"garbage_bin/Plast/status\",\n              \"value_template\": \"{{ (strptime(value_json.next_empty, '%Y-%m-%d').date() - now().date()).days }}\",\n              \"availability_topic\": \"garbage_bin/availability\",\n              \"payload_available\": \"online\",\n              \"payload_not_available\": \"offline\",\n              \"unit_of_measurement\": \"days\",\n              \"device\": {\n                \"identifiers\": [\n                  \"ha_affaldvarme\"\n                ],\n                \"name\": \"Affaldvarme integration\",\n                \"sw_version\": \"1.0\",\n                \"model\": \"Standard\",\n                \"manufacturer\": \"Your Garbage Bin Manufacturer\"\n              },\n              \"icon\": \"mdi:recycle\"\n            }"
- topic: homeassistant/sensor/ha_affaldvarme_Restaffald/config
  payload: "{\n              \"object_id\": \"ha_affaldvarme_Restaffald\",\n              \"unique_id\": \"ha_affaldvarme_Restaffald\",\n              \"name\": \"Restaffald\",\n              \"state_topic\": \"garbage_bin/Restaffald/status\",\n              \"json_attributes_topic\": \"garbage_bin/Restaffald/status\",\n              \"value_template\": \"{{ (strptime(value_json.next_empty, '%Y-%m-%d').date() - now().date()).days }}\",\n              \"availability_topic\": \"garbage_bin/availability\",\n              \"payload_available\": \"online\",\n              \"payload_not_available\": \"offline\",\n              \"unit_of_measurement\": \"days\",\n              \"device\": {\n                \"identifiers\": [\n                  \"ha_affaldvarme\"\n                ],\n                \"name\": \"Affaldvarme integration\",\n                \"sw_version\": \"1.0\",\n                \"model\": \"Standard\",\n                \"manufacturer\": \"Your Garbage Bin Manufacturer\"\n              },\n              \"icon\": \"mdi:recycle\"\n            }"
- topic: homeassistant/sensor/ha_affaldvarme_Tekstiler/config
  payload: "{\n              \"object_id\": \"ha_affaldvarme_Tekstiler\",\n              \"unique_id\": \"ha_affaldvarme_Tekstiler\",\n              \"name\": \"Tekstiler\",\n              \"state_topic\": \"garbage_bin/Tekstiler/status\",\n              \"json_attributes_topic\": \"garbage_bin/Tekstiler/status\",\n              \"value_template\": \"{{ (strptime(value_json.next_empty, '%Y-%m-%d').date() - now().date()).days }}\",\n              \"availability_topic\": \"garbage_bin/availability\",\n              \"payload_available\": \"online\",\n              \"payload_not_available\": \"offline\",\n              \"unit_of_measurement\": \"days\",\n              \"device\": {\n                \"identifiers\": [\n                  \"ha_affaldvarme\"\n                ],\n                \"name\": \"Affaldvarme integration\",\n                \"sw_version\": \"1.0\",\n                \"model\": \"Standard\",\n                \"manufacturer\": \"Your Garbage Bin Manufacturer\"\n              },\n              \"icon\": \"mdi:recycle\"\n            }"
